// Game: RetroShooter
// Format: Quake2 (Valve)
// entity 0
{
"mapversion" "220"
"_tb_textures" "textures\environment\makkon_concrete_textures;textures\environment\makkon_nature_textures"
"classname" "worldspawn"
// brush 0
{
( -64 -64 -16 ) ( -64 -63 -16 ) ( -64 -64 -15 ) environment/makkon_concrete_textures/conc_b05_gry3 [ 0 -1 0 0 ] [ 0 0 -1 0 ] 0 1 1
( -64 -64 -16 ) ( -64 -64 -15 ) ( -63 -64 -16 ) environment/makkon_concrete_textures/conc_b05_gry3 [ 1 0 0 0 ] [ 0 0 -1 0 ] 0 1 1
( -64 -64 -16 ) ( -63 -64 -16 ) ( -64 -63 -16 ) environment/makkon_concrete_textures/conc_b05_gry3 [ -1 0 0 0 ] [ 0 -1 0 0 ] 0 1 1
( 64 64 16 ) ( 64 65 16 ) ( 65 64 16 ) environment/makkon_concrete_textures/conc_b05_gry3 [ 1 0 0 0 ] [ 0 -1 0 0 ] 0 1 1
( 64 64 16 ) ( 65 64 16 ) ( 64 64 17 ) environment/makkon_concrete_textures/conc_b05_gry3 [ -1 0 0 0 ] [ 0 0 -1 0 ] 0 1 1
( 64 64 16 ) ( 64 64 17 ) ( 64 65 16 ) environment/makkon_concrete_textures/conc_b05_gry3 [ 0 1 0 0 ] [ 0 0 -1 0 ] 0 1 1
}
// brush 1
{
( -64 -64 16 ) ( -64 -512 16 ) ( -64 -512 0 ) environment/makkon_concrete_textures/conc_b05_gry3 [ 0 -1 0 0 ] [ 0 0 -1 0 ] 0 1 1
( -64 -512 16 ) ( 64 -512 16 ) ( 64 -512 0 ) environment/makkon_concrete_textures/conc_b05_gry3 [ 1 0 0 0 ] [ 0 0 -1 0 ] 0 1 1
( 64 -512 0 ) ( 64 -64 0 ) ( -64 -64 0 ) environment/makkon_concrete_textures/conc_b05_gry3 [ -1 0 0 0 ] [ 0 -1 0 0 ] 0 1 1
( -64 -64 16 ) ( 64 -64 16 ) ( 64 -512 16 ) environment/makkon_concrete_textures/conc_b05_gry3 [ 1 0 0 0 ] [ 0 -1 0 0 ] 0 1 1
( 64 -64 0 ) ( 64 -64 16 ) ( -64 -64 16 ) environment/makkon_concrete_textures/conc_b05_gry3 [ -1 0 0 0 ] [ 0 0 -1 0 ] 0 1 1
( 64 -512 16 ) ( 64 -64 16 ) ( 64 -64 0 ) environment/makkon_concrete_textures/conc_b05_gry3 [ 0 1 0 0 ] [ 0 0 -1 0 ] 0 1 1
}
// brush 2
{
( -208 -784 0 ) ( -208 -783 0 ) ( -208 -784 1 ) environment/makkon_concrete_textures/conc_b05_gry3 [ 0 -1 0 0 ] [ 0 0 -1 0 ] 0 1 1
( -64 -784 0 ) ( -64 -784 1 ) ( -63 -784 0 ) environment/makkon_concrete_textures/conc_b05_gry3 [ 1 0 0 0 ] [ 0 0 -1 0 ] 0 1 1
( -64 -784 0 ) ( -63 -784 0 ) ( -64 -783 0 ) environment/makkon_concrete_textures/conc_b05_gry3 [ -1 0 0 0 ] [ 0 -1 0 0 ] 0 1 1
( 64 -512 16 ) ( 64 -511 16 ) ( 65 -512 16 ) environment/makkon_concrete_textures/conc_b05_gry3 [ 1 0 0 0 ] [ 0 -1 0 0 ] 0 1 1
( 64 -512 16 ) ( 65 -512 16 ) ( 64 -512 17 ) environment/makkon_concrete_textures/conc_b05_gry3 [ -1 0 0 0 ] [ 0 0 -1 0 ] 0 1 1
( 208 -512 16 ) ( 208 -512 17 ) ( 208 -511 16 ) environment/makkon_concrete_textures/conc_b05_gry3 [ 0 1 0 0 ] [ 0 0 -1 0 ] 0 1 1
}
}
// entity 1
{
"classname" "info_player_start"
"origin" "-16 0 40"
}
